2026-06-05 00:00:27 [HikariPool-1:housekeeper] WARN  traceId= spanId= com.zaxxer.hikari.pool.HikariPool - HikariPool-1 - Thread starvation or clock leap detected (housekeeper delta=16m56s790ms).
2026-06-05 00:17:35 [HikariPool-1:housekeeper] WARN  traceId= spanId= com.zaxxer.hikari.pool.HikariPool - HikariPool-1 - Thread starvation or clock leap detected (housekeeper delta=16m38s85ms).
2026-06-05 03:04:44 [HikariPool-1:housekeeper] WARN  traceId= spanId= com.zaxxer.hikari.pool.HikariPool - HikariPool-1 - Thread starvation or clock leap detected (housekeeper delta=17m6s807ms).
2026-06-05 06:50:45 [HikariPool-1:housekeeper] WARN  traceId= spanId= com.zaxxer.hikari.pool.HikariPool - HikariPool-1 - Thread starvation or clock leap detected (housekeeper delta=16m58s380ms).
2026-06-05 08:08:19 [HikariPool-1:housekeeper] WARN  traceId= spanId= com.zaxxer.hikari.pool.HikariPool - HikariPool-1 - Thread starvation or clock leap detected (housekeeper delta=16m33s346ms).
2026-06-05 16:47:43 [HikariPool-1:housekeeper] WARN  traceId= spanId= com.zaxxer.hikari.pool.PoolBase - HikariPool-1 - Failed to validate connection org.postgresql.jdbc.PgConnection@36595026 (This connection has been closed.). Possibly consider using a shorter maxLifetime value.
2026-06-05 16:47:56 [traceableWatchLoopExecutor-1] WARN  traceId= spanId= c.j.f.rag.service.PdfWatcherService - Error in watcher loop!
java.nio.file.ClosedWatchServiceException: null
	at java.base/sun.nio.fs.AbstractWatchService.checkOpen(AbstractWatchService.java:80)
	at java.base/sun.nio.fs.AbstractWatchService.checkKey(AbstractWatchService.java:92)
	at java.base/sun.nio.fs.AbstractWatchService.take(AbstractWatchService.java:119)
	at com.jialli.first_ai_project.rag.service.PdfWatcherService.watchDir(PdfWatcherService.java:98)
	at com.jialli.first_ai_project.rag.service.PdfWatcherService.lambda$doStart$0(PdfWatcherService.java:74)
	at io.micrometer.context.ContextSnapshot.lambda$wrap$0(ContextSnapshot.java:91)
	at java.base/java.util.concurrent.ThreadPoolExecutor.runWorker(ThreadPoolExecutor.java:1090)
	at java.base/java.util.concurrent.ThreadPoolExecutor$Worker.run(ThreadPoolExecutor.java:614)
	at java.base/java.lang.Thread.run(Thread.java:1474)
2026-06-05 16:47:56 [SpringApplicationShutdownHook] INFO  traceId= spanId= o.s.b.w.e.tomcat.GracefulShutdown - Commencing graceful shutdown. Waiting for active requests to complete
2026-06-05 16:47:57 [tomcat-shutdown] INFO  traceId= spanId= o.s.b.w.e.tomcat.GracefulShutdown - Graceful shutdown complete
2026-06-05 16:47:58 [SpringApplicationShutdownHook] WARN  traceId= spanId= o.s.b.f.s.DisposableBeanAdapter - Invocation of destroy method failed on bean with name 'vertexAiGeminiChat': java.lang.IllegalStateException: java.io.IOException: Your default credentials were not found. To set up Application Default Credentials for your environment, see https://cloud.google.com/docs/authentication/external/set-up-adc.
2026-06-05 16:47:58 [SpringApplicationShutdownHook] WARN  traceId= spanId= o.s.b.f.s.DisposableBeanAdapter - Invocation of close method failed on bean with name 'vertexAi': java.lang.IllegalStateException: java.io.IOException: Your default credentials were not found. To set up Application Default Credentials for your environment, see https://cloud.google.com/docs/authentication/external/set-up-adc.
2026-06-05 16:47:58 [SpringApplicationShutdownHook] INFO  traceId= spanId= com.zaxxer.hikari.HikariDataSource - HikariPool-1 - Shutdown initiated...
